// Jest Snapshot v1, https://jestjs.io/docs/snapshot-testing

exports[`mutation object test expects mutateEntity to match snapshot 1`] = `
{
  "clientRootFolder": "",
  "entityAuthority": "ROLE_ADMIN",
  "entityClassHumanized": "Name",
  "entityClassPluralHumanized": "Names",
  "entityInstance": "name",
  "entityInstancePlural": "names",
  "entityNameCapitalized": "Name",
  "entityNameKebabCase": "name",
  "entityNamePlural": "names",
  "entityNamePluralizedAndSpinalCased": "names",
}
`;

exports[`mutation object test expects mutateField to match snapshot 1`] = `
{
  "blobContentTypeAny": false,
  "blobContentTypeImage": false,
  "blobContentTypeText": false,
  "fieldIsEnum": true,
  "fieldNameCapitalized": "FieldName",
  "fieldNameHumanized": "Field Name",
  "fieldNameUnderscored": "field_name",
  "fieldTypeAnyBlob": false,
  "fieldTypeBigDecimal": false,
  "fieldTypeBlob": false,
  "fieldTypeBoolean": false,
  "fieldTypeByte": false,
  "fieldTypeByteBuffer": false,
  "fieldTypeBytes": false,
  "fieldTypeDouble": false,
  "fieldTypeDuration": false,
  "fieldTypeFloat": false,
  "fieldTypeImageBlob": false,
  "fieldTypeInstant": false,
  "fieldTypeInteger": false,
  "fieldTypeLocalDate": false,
  "fieldTypeLocalTime": false,
  "fieldTypeLong": false,
  "fieldTypeString": false,
  "fieldTypeTextBlob": false,
  "fieldTypeUUID": false,
  "fieldTypeZonedDateTime": false,
  "fieldValidationMax": false,
  "fieldValidationMaxBytes": false,
  "fieldValidationMaxLength": false,
  "fieldValidationMaxbytes": false,
  "fieldValidationMaxlength": false,
  "fieldValidationMin": false,
  "fieldValidationMinBytes": false,
  "fieldValidationMinLength": false,
  "fieldValidationMinbytes": false,
  "fieldValidationMinlength": false,
  "fieldValidationPattern": false,
  "fieldValidationRequired": false,
  "fieldValidationUnique": false,
  "path": [
    "fieldName",
  ],
  "propertyName": "fieldName",
  "propertyNameCapitalized": "FieldName",
  "propertyNameUpperSnakeCase": "FIELD_NAME",
}
`;

exports[`mutation object test expects mutateRelationship to match snapshot 1`] = `
{
  "collection": false,
  "propertyName": "relationshipName",
  "propertyNameCapitalized": "RelationshipName",
  "propertyNameUpperSnakeCase": "RELATIONSHIP_NAME",
  "relationshipFieldName": "relationshipName",
  "relationshipFieldNamePlural": "relationshipNames",
  "relationshipLeftSide": false,
  "relationshipManyToMany": false,
  "relationshipManyToOne": false,
  "relationshipNameCapitalized": "RelationshipName",
  "relationshipNameHumanized": "Relationship Name",
  "relationshipNamePlural": "relationshipNames",
  "relationshipOneToMany": false,
  "relationshipOneToOne": false,
  "relationshipRightSide": false,
}
`;

exports[`mutation object test expects mutateRelationshipWithEntity to match snapshot 1`] = `
{
  "otherEntityField": undefined,
  "otherEntityUser": false,
  "ownerSide": true,
  "persistableRelationship": true,
}
`;
