// Jest Snapshot v1, https://goo.gl/fbAQLP

exports[`generator - java:server with defaults options should call source snapshot 1`] = `{}`;

exports[`generator - java:server with defaults options should match files snapshot 1`] = `
{
  ".yo-rc.json": {
    "stateCleared": "modified",
  },
  "package.json": {
    "stateCleared": "modified",
  },
}
`;
