// Jest Snapshot v1, https://jestjs.io/docs/snapshot-testing

exports[`generator - java:code-quality with defaults options should call source snapshot 1`] = `{}`;

exports[`generator - java:code-quality with defaults options should match files snapshot 1`] = `
{
  ".yo-rc.json": {
    "stateCleared": "modified",
  },
  "checkstyle.xml": {
    "stateCleared": "modified",
  },
}
`;

exports[`generator - java:code-quality with gradle build tool should call source snapshot 1`] = `{}`;

exports[`generator - java:code-quality with gradle build tool should match files snapshot 1`] = `
{
  ".yo-rc.json": {
    "stateCleared": "modified",
  },
  "checkstyle.xml": {
    "stateCleared": "modified",
  },
}
`;
