// Jest Snapshot v1, https://jestjs.io/docs/snapshot-testing

exports[`generator - java:domain with default config should match files snapshot 1`] = `
{
  ".jhipster/Bar.json": {
    "stateCleared": "modified",
  },
  ".jhipster/Foo.json": {
    "stateCleared": "modified",
  },
  ".yo-rc.json": {
    "stateCleared": "modified",
  },
  "src/main/java/com/mycompany/myapp/domain/Authority.java": {
    "stateCleared": "modified",
  },
  "src/main/java/com/mycompany/myapp/domain/Bar.java": {
    "stateCleared": "modified",
  },
  "src/main/java/com/mycompany/myapp/domain/Foo.java": {
    "stateCleared": "modified",
  },
  "src/main/java/com/mycompany/myapp/domain/enumeration/MyEnum.java": {
    "stateCleared": "modified",
  },
  "src/test/java/com/mycompany/myapp/domain/AssertUtils.java": {
    "stateCleared": "modified",
  },
  "src/test/java/com/mycompany/myapp/domain/AuthorityAsserts.java": {
    "stateCleared": "modified",
  },
  "src/test/java/com/mycompany/myapp/domain/AuthorityTest.java": {
    "stateCleared": "modified",
  },
  "src/test/java/com/mycompany/myapp/domain/AuthorityTestSamples.java": {
    "stateCleared": "modified",
  },
  "src/test/java/com/mycompany/myapp/domain/BarAsserts.java": {
    "stateCleared": "modified",
  },
  "src/test/java/com/mycompany/myapp/domain/BarTest.java": {
    "stateCleared": "modified",
  },
  "src/test/java/com/mycompany/myapp/domain/BarTestSamples.java": {
    "stateCleared": "modified",
  },
  "src/test/java/com/mycompany/myapp/domain/FooAsserts.java": {
    "stateCleared": "modified",
  },
  "src/test/java/com/mycompany/myapp/domain/FooTest.java": {
    "stateCleared": "modified",
  },
  "src/test/java/com/mycompany/myapp/domain/FooTestSamples.java": {
    "stateCleared": "modified",
  },
}
`;
