// Jest Snapshot v1, https://goo.gl/fbAQLP

exports[`generator - javascript:eslint with defaults options should call source snapshot 1`] = `{}`;

exports[`generator - javascript:eslint with defaults options should match files snapshot 1`] = `
{
  ".yo-rc.json": ObjectContaining {
    "contents": Any<String>,
  },
  "eslint.config.mjs": {
    "contents": "import globals from 'globals';
import prettier from 'eslint-plugin-prettier/recommended';
// jhipster-needle-eslint-add-import - JHipster will add additional import here

export default [
  {
    languageOptions: {
      globals: {
        ...globals.node,
      },
    },
  },
  // jhipster-needle-eslint-add-config - JHipster will add additional config here
  prettier,
];
",
    "stateCleared": "modified",
  },
  "package.json": {
    "contents": "{
  "devDependencies": {
    "eslint-config-prettier": "ESLINT_CONFIG_PRETTIER_VERSION",
    "eslint-plugin-prettier": "ESLINT_PLUGIN_PRETTIER_VERSION"
  }
}
",
    "stateCleared": "modified",
  },
}
`;
