// Jest Snapshot v1, https://goo.gl/fbAQLP

exports[`helpers run using withJHipsterGenerators should register jhipster generators namespaces 1`] = `
[
  "jhipster:angular",
  "jhipster:app",
  "jhipster:base",
  "jhipster:base-application",
  "jhipster:base-core",
  "jhipster:base-entity-changes",
  "jhipster:base-workspaces",
  "jhipster:bootstrap",
  "jhipster:bootstrap-application",
  "jhipster:bootstrap-application-base",
  "jhipster:bootstrap-application-client",
  "jhipster:bootstrap-application-server",
  "jhipster:bootstrap-workspaces",
  "jhipster:ci-cd",
  "jhipster:client",
  "jhipster:client:common",
  "jhipster:common",
  "jhipster:cucumber",
  "jhipster:cypress",
  "jhipster:docker",
  "jhipster:docker-compose",
  "jhipster:entities",
  "jhipster:entity",
  "jhipster:export-jdl",
  "jhipster:feign-client",
  "jhipster:gatling",
  "jhipster:generate-blueprint",
  "jhipster:git",
  "jhipster:gradle",
  "jhipster:gradle:code-quality",
  "jhipster:gradle:jib",
  "jhipster:gradle:node-gradle",
  "jhipster:heroku",
  "jhipster:info",
  "jhipster:init",
  "jhipster:java",
  "jhipster:java:bootstrap",
  "jhipster:java:build-tool",
  "jhipster:java:code-quality",
  "jhipster:java:domain",
  "jhipster:java:jib",
  "jhipster:java:node",
  "jhipster:java:openapi-generator",
  "jhipster:javascript:bootstrap",
  "jhipster:javascript:eslint",
  "jhipster:javascript:husky",
  "jhipster:javascript:prettier",
  "jhipster:jdl",
  "jhipster:kubernetes",
  "jhipster:kubernetes-helm",
  "jhipster:kubernetes-knative",
  "jhipster:languages",
  "jhipster:liquibase",
  "jhipster:maven",
  "jhipster:maven:code-quality",
  "jhipster:maven:frontend-plugin",
  "jhipster:maven:jib",
  "jhipster:project-name",
  "jhipster:react",
  "jhipster:server",
  "jhipster:spring-boot",
  "jhipster:spring-cache",
  "jhipster:spring-cloud-stream",
  "jhipster:spring-cloud-stream:kafka",
  "jhipster:spring-cloud-stream:pulsar",
  "jhipster:spring-cloud:gateway",
  "jhipster:spring-data-cassandra",
  "jhipster:spring-data-couchbase",
  "jhipster:spring-data-elasticsearch",
  "jhipster:spring-data-mongodb",
  "jhipster:spring-data-neo4j",
  "jhipster:spring-data-relational",
  "jhipster:spring-websocket",
  "jhipster:upgrade",
  "jhipster:vue",
  "jhipster:workspaces",
]
`;

exports[`helpers runJHipster defaults should register jhipster generators namespaces 1`] = `
[
  "jhipster:angular",
  "jhipster:app",
  "jhipster:base",
  "jhipster:base-application",
  "jhipster:base-core",
  "jhipster:base-entity-changes",
  "jhipster:base-workspaces",
  "jhipster:bootstrap",
  "jhipster:bootstrap-application",
  "jhipster:bootstrap-application-base",
  "jhipster:bootstrap-application-client",
  "jhipster:bootstrap-application-server",
  "jhipster:bootstrap-workspaces",
  "jhipster:ci-cd",
  "jhipster:client",
  "jhipster:client:common",
  "jhipster:common",
  "jhipster:cucumber",
  "jhipster:cypress",
  "jhipster:docker",
  "jhipster:docker-compose",
  "jhipster:entities",
  "jhipster:entity",
  "jhipster:export-jdl",
  "jhipster:feign-client",
  "jhipster:gatling",
  "jhipster:generate-blueprint",
  "jhipster:git",
  "jhipster:gradle",
  "jhipster:gradle:code-quality",
  "jhipster:gradle:jib",
  "jhipster:gradle:node-gradle",
  "jhipster:heroku",
  "jhipster:info",
  "jhipster:init",
  "jhipster:java",
  "jhipster:java:bootstrap",
  "jhipster:java:build-tool",
  "jhipster:java:code-quality",
  "jhipster:java:domain",
  "jhipster:java:jib",
  "jhipster:java:node",
  "jhipster:java:openapi-generator",
  "jhipster:javascript:bootstrap",
  "jhipster:javascript:eslint",
  "jhipster:javascript:husky",
  "jhipster:javascript:prettier",
  "jhipster:jdl",
  "jhipster:kubernetes",
  "jhipster:kubernetes-helm",
  "jhipster:kubernetes-knative",
  "jhipster:languages",
  "jhipster:liquibase",
  "jhipster:maven",
  "jhipster:maven:code-quality",
  "jhipster:maven:frontend-plugin",
  "jhipster:maven:jib",
  "jhipster:project-name",
  "jhipster:react",
  "jhipster:server",
  "jhipster:spring-boot",
  "jhipster:spring-cache",
  "jhipster:spring-cloud-stream",
  "jhipster:spring-cloud-stream:kafka",
  "jhipster:spring-cloud-stream:pulsar",
  "jhipster:spring-cloud:gateway",
  "jhipster:spring-data-cassandra",
  "jhipster:spring-data-couchbase",
  "jhipster:spring-data-elasticsearch",
  "jhipster:spring-data-mongodb",
  "jhipster:spring-data-neo4j",
  "jhipster:spring-data-relational",
  "jhipster:spring-websocket",
  "jhipster:upgrade",
  "jhipster:vue",
  "jhipster:workspaces",
]
`;

exports[`helpers runJHipster with useDefaultMocks should register jhipster generators namespaces 1`] = `
[
  "jhipster:angular",
  "jhipster:app",
  "jhipster:base",
  "jhipster:base-application",
  "jhipster:base-core",
  "jhipster:base-entity-changes",
  "jhipster:base-workspaces",
  "jhipster:bootstrap",
  "jhipster:bootstrap-application",
  "jhipster:bootstrap-application-base",
  "jhipster:bootstrap-application-client",
  "jhipster:bootstrap-application-server",
  "jhipster:bootstrap-workspaces",
  "jhipster:ci-cd",
  "jhipster:client",
  "jhipster:client:common",
  "jhipster:common",
  "jhipster:cucumber",
  "jhipster:cypress",
  "jhipster:docker",
  "jhipster:docker-compose",
  "jhipster:entities",
  "jhipster:entity",
  "jhipster:export-jdl",
  "jhipster:feign-client",
  "jhipster:gatling",
  "jhipster:generate-blueprint",
  "jhipster:git",
  "jhipster:gradle",
  "jhipster:gradle:code-quality",
  "jhipster:gradle:jib",
  "jhipster:gradle:node-gradle",
  "jhipster:heroku",
  "jhipster:info",
  "jhipster:init",
  "jhipster:java",
  "jhipster:java:bootstrap",
  "jhipster:java:build-tool",
  "jhipster:java:code-quality",
  "jhipster:java:domain",
  "jhipster:java:jib",
  "jhipster:java:node",
  "jhipster:java:openapi-generator",
  "jhipster:javascript:bootstrap",
  "jhipster:javascript:eslint",
  "jhipster:javascript:husky",
  "jhipster:javascript:prettier",
  "jhipster:jdl",
  "jhipster:kubernetes",
  "jhipster:kubernetes-helm",
  "jhipster:kubernetes-knative",
  "jhipster:languages",
  "jhipster:liquibase",
  "jhipster:maven",
  "jhipster:maven:code-quality",
  "jhipster:maven:frontend-plugin",
  "jhipster:maven:jib",
  "jhipster:project-name",
  "jhipster:react",
  "jhipster:server",
  "jhipster:spring-boot",
  "jhipster:spring-cache",
  "jhipster:spring-cloud-stream",
  "jhipster:spring-cloud-stream:kafka",
  "jhipster:spring-cloud-stream:pulsar",
  "jhipster:spring-cloud:gateway",
  "jhipster:spring-data-cassandra",
  "jhipster:spring-data-couchbase",
  "jhipster:spring-data-elasticsearch",
  "jhipster:spring-data-mongodb",
  "jhipster:spring-data-neo4j",
  "jhipster:spring-data-relational",
  "jhipster:spring-websocket",
  "jhipster:upgrade",
  "jhipster:vue",
  "jhipster:workspaces",
]
`;
