// Jest Snapshot v1, https://goo.gl/fbAQLP

exports[`generator - client:common with defaults options should call source snapshot 1`] = `{}`;

exports[`generator - client:common with defaults options should match files snapshot 1`] = `
{
  ".yo-rc.json": {
    "stateCleared": "modified",
  },
  "src/main/webapp/app/shared/jhipster/headers.ts": {
    "stateCleared": "modified",
  },
  "src/main/webapp/app/shared/jhipster/problem-details.ts": {
    "stateCleared": "modified",
  },
}
`;
