// Jest Snapshot v1, https://jestjs.io/docs/snapshot-testing

exports[`generator - java:build-tool with defaults options should match files snapshot 1`] = `
{
  "mergePrettierConfig": [
    {
      "overrides": [
        {
          "files": "*.java",
          "options": {
            "tabWidth": 4,
          },
        },
      ],
      "plugins": [
        "prettier-plugin-java",
      ],
    },
  ],
}
`;
