// Jest Snapshot v1, https://goo.gl/fbAQLP

exports[`Public api generator-jhipster/generators should match snapshot 1`] = `
Object {
  "GENERATOR_LIST": Object {
    "GENERATOR_ADD": "add",
    "GENERATOR_APP": "app",
    "GENERATOR_AWS": "aws",
    "GENERATOR_AZURE_APP_SERVICE": "azure-app-service",
    "GENERATOR_AZURE_SPRING_CLOUD": "azure-spring-cloud",
    "GENERATOR_BASE": "base",
    "GENERATOR_BOOTSTRAP": "bootstrap",
    "GENERATOR_CICD": "ci-cd",
    "GENERATOR_CI_CD": "ci-cd",
    "GENERATOR_CLIENT": "client",
    "GENERATOR_CLOUDFOUNDRY": "cloudfoundry",
    "GENERATOR_COMMON": "common",
    "GENERATOR_CYPRESS": "cypress",
    "GENERATOR_DATABASE_CHANGELOG": "database-changelog",
    "GENERATOR_DATABASE_CHANGELOG_LIQUIBASE": "database-changelog-liquibase",
    "GENERATOR_DOCKER_COMPOSE": "docker-compose",
    "GENERATOR_ENTITIES": "entities",
    "GENERATOR_ENTITIES_CLIENT": "entities-client",
    "GENERATOR_ENTITY": "entity",
    "GENERATOR_ENTITY_CLIENT": "entity-client",
    "GENERATOR_ENTITY_I18N": "entity-i18n",
    "GENERATOR_ENTITY_I_18_N": "entity-i18n",
    "GENERATOR_ENTITY_SERVER": "entity-server",
    "GENERATOR_EXPORT_JDL": "export-jdl",
    "GENERATOR_GAE": "gae",
    "GENERATOR_GRADLE": "gradle",
    "GENERATOR_HEROKU": "heroku",
    "GENERATOR_INFO": "info",
    "GENERATOR_INIT": "init",
    "GENERATOR_JAVA": "java",
    "GENERATOR_KUBERNETES": "kubernetes",
    "GENERATOR_KUBERNETES_HELM": "kubernetes-helm",
    "GENERATOR_KUBERNETES_KNATIVE": "kubernetes-knative",
    "GENERATOR_LANGUAGES": "languages",
    "GENERATOR_MAVEN": "maven",
    "GENERATOR_OPENAPI_CLIENT": "openapi-client",
    "GENERATOR_OPENSHIFT": "openshift",
    "GENERATOR_PAGE": "page",
    "GENERATOR_PROJECT_NAME": "project-name",
    "GENERATOR_SERVER": "server",
    "GENERATOR_SPRING_BOOT": "spring-boot",
    "GENERATOR_SPRING_CONTROLLER": "spring-controller",
    "GENERATOR_SPRING_SERVICE": "spring-service",
    "GENERATOR_UPGRADE": "upgrade",
    "GENERATOR_UPGRADE_CONFIG": "upgrade-config",
    "GENERATOR_WORKSPACES": "workspaces",
  },
}
`;

exports[`Public api generator-jhipster/priorities should match snapshot 1`] = `
Object {
  "default": Object {
    "COMPOSING_PRIORITY": ">composing",
    "CONFIGURING_PRIORITY": ">configuring",
    "CUSTOM_PRIORITIES": Array [
      Object {
        "before": "conflicts",
        "priorityName": "preConflicts",
        "queueName": "jhipster:preConflicts",
      },
      Object {
        "before": "preConflicts",
        "priorityName": "postWriting",
        "queueName": "jhipster:postWriting",
      },
      Object {
        "before": "default",
        "priorityName": "preparingRelationships",
        "queueName": "jhipster:preparingRelationships",
      },
      Object {
        "before": "preparingRelationships",
        "priorityName": "preparingFields",
        "queueName": "jhipster:preparingFields",
      },
      Object {
        "before": "preparingFields",
        "priorityName": "preparing",
        "queueName": "jhipster:preparing",
      },
      Object {
        "before": "preparing",
        "priorityName": "loading",
        "queueName": "jhipster:loading",
      },
      Object {
        "before": "loading",
        "priorityName": "composing",
        "queueName": "jhipster:composing",
      },
    ],
    "DEFAULT_PRIORITY": ">default",
    "END_PRIORITY": ">end",
    "INITIALIZING_PRIORITY": ">initializing",
    "INSTALL_PRIORITY": ">install",
    "LOADING_PRIORITY": ">loading",
    "POST_WRITING_PRIORITY": ">postWriting",
    "PREPARING_FIELDS_PRIORITY": ">preparingFields",
    "PREPARING_PRIORITY": ">preparing",
    "PREPARING_RELATIONSHIPS_PRIORITY": ">preparingRelationships",
    "PRE_CONFLICTS_PRIORITY": ">preConflicts",
    "PRIORITY_NAMES": Array [
      "initializing",
      "prompting",
      "configuring",
      "composing",
      "loading",
      "preparing",
      "preparingFields",
      "preparingRelationships",
      "default",
      "writing",
      "postWriting",
      "install",
      "end",
    ],
    "PRIORITY_PREFIX": ">",
    "PROMPTING_PRIORITY": ">prompting",
    "WRITING_PRIORITY": ">writing",
  },
}
`;
