// Jest Snapshot v1, https://goo.gl/fbAQLP

exports[`public api generator-jhipster/generators should match snapshot 1`] = `
{
  "GENERATOR_ANGULAR": "angular",
  "GENERATOR_APP": "app",
  "GENERATOR_BASE": "base",
  "GENERATOR_BASE_APPLICATION": "base-application",
  "GENERATOR_BASE_CORE": "base-core",
  "GENERATOR_BASE_ENTITY_CHANGES": "base-entity-changes",
  "GENERATOR_BASE_WORKSPACES": "base-workspaces",
  "GENERATOR_BOOTSTRAP": "bootstrap",
  "GENERATOR_BOOTSTRAP_APPLICATION": "bootstrap-application",
  "GENERATOR_BOOTSTRAP_APPLICATION_BASE": "bootstrap-application-base",
  "GENERATOR_BOOTSTRAP_APPLICATION_CLIENT": "bootstrap-application-client",
  "GENERATOR_BOOTSTRAP_APPLICATION_SERVER": "bootstrap-application-server",
  "GENERATOR_BOOTSTRAP_WORKSPACES": "bootstrap-workspaces",
  "GENERATOR_CI_CD": "ci-cd",
  "GENERATOR_CLIENT": "client",
  "GENERATOR_COMMON": "common",
  "GENERATOR_CUCUMBER": "cucumber",
  "GENERATOR_CYPRESS": "cypress",
  "GENERATOR_DOCKER": "docker",
  "GENERATOR_DOCKER_COMPOSE": "docker-compose",
  "GENERATOR_ENTITIES": "entities",
  "GENERATOR_ENTITY": "entity",
  "GENERATOR_EXPORT_JDL": "export-jdl",
  "GENERATOR_FEIGN_CLIENT": "feign-client",
  "GENERATOR_GATLING": "gatling",
  "GENERATOR_GENERATE_BLUEPRINT": "generate-blueprint",
  "GENERATOR_GIT": "git",
  "GENERATOR_GRADLE": "gradle",
  "GENERATOR_HEROKU": "heroku",
  "GENERATOR_INFO": "info",
  "GENERATOR_INIT": "init",
  "GENERATOR_JAVA": "java",
  "GENERATOR_JDL": "jdl",
  "GENERATOR_KUBERNETES": "kubernetes",
  "GENERATOR_KUBERNETES_HELM": "kubernetes-helm",
  "GENERATOR_KUBERNETES_KNATIVE": "kubernetes-knative",
  "GENERATOR_LANGUAGES": "languages",
  "GENERATOR_LIQUIBASE": "liquibase",
  "GENERATOR_MAVEN": "maven",
  "GENERATOR_PROJECT_NAME": "project-name",
  "GENERATOR_REACT": "react",
  "GENERATOR_SERVER": "server",
  "GENERATOR_SPRING_BOOT": "spring-boot",
  "GENERATOR_SPRING_CACHE": "spring-cache",
  "GENERATOR_SPRING_CLOUD_STREAM": "spring-cloud-stream",
  "GENERATOR_SPRING_DATA_CASSANDRA": "spring-data-cassandra",
  "GENERATOR_SPRING_DATA_COUCHBASE": "spring-data-couchbase",
  "GENERATOR_SPRING_DATA_ELASTICSEARCH": "spring-data-elasticsearch",
  "GENERATOR_SPRING_DATA_MONGODB": "spring-data-mongodb",
  "GENERATOR_SPRING_DATA_NEO4J": "spring-data-neo4j",
  "GENERATOR_SPRING_DATA_RELATIONAL": "spring-data-relational",
  "GENERATOR_SPRING_WEBSOCKET": "spring-websocket",
  "GENERATOR_UPGRADE": "upgrade",
  "GENERATOR_VUE": "vue",
  "GENERATOR_WORKSPACES": "workspaces",
}
`;
