// Jest Snapshot v1, https://goo.gl/fbAQLP

exports[`generator - gradle with empty configuration should generate only gradle files 1`] = `
{
  ".yo-rc.json": {
    "stateCleared": "modified",
  },
  "gradle/wrapper/gradle-wrapper.jar": {
    "stateCleared": "modified",
  },
  "gradle/wrapper/gradle-wrapper.properties": {
    "stateCleared": "modified",
  },
  "gradlew": {
    "stateCleared": "modified",
  },
  "gradlew.bat": {
    "stateCleared": "modified",
  },
}
`;

exports[`generator - gradle with valid configuration should generate only gradle files 1`] = `
{
  ".yo-rc.json": {
    "stateCleared": "modified",
  },
  "gradle/wrapper/gradle-wrapper.jar": {
    "stateCleared": "modified",
  },
  "gradle/wrapper/gradle-wrapper.properties": {
    "stateCleared": "modified",
  },
  "gradlew": {
    "stateCleared": "modified",
  },
  "gradlew.bat": {
    "stateCleared": "modified",
  },
}
`;
