// Jest Snapshot v1, https://jestjs.io/docs/snapshot-testing

exports[`generator - git with default config should write files and match snapshot 1`] = `
{
  ".gitattributes": {
    "stateCleared": "modified",
  },
  ".gitignore": {
    "stateCleared": "modified",
  },
}
`;
