// Jest Snapshot v1, https://goo.gl/fbAQLP

exports[`generator - git with default config should write files and match snapshot 1`] = `
{
  ".gitattributes": {
    "stateCleared": "modified",
  },
  ".gitignore": {
    "stateCleared": "modified",
  },
  ".yo-rc.json": {
    "stateCleared": "modified",
  },
}
`;
