// Jest Snapshot v1, https://jestjs.io/docs/snapshot-testing

exports[`generator - bootstrap-application-client with defaults options should call source snapshot 1`] = `{}`;

exports[`generator - bootstrap-application-client with defaults options should match files snapshot 1`] = `
{
  ".yo-rc.json": {
    "stateCleared": "modified",
  },
}
`;
