// Jest Snapshot v1, https://jestjs.io/docs/snapshot-testing

exports[`generator - javascript-simple-application with defaults options should call source snapshot 1`] = `{}`;

exports[`generator - javascript-simple-application with defaults options should match files snapshot 1`] = `
{
  ".yo-rc.json": ObjectContaining {
    "contents": Any<String>,
  },
  "package.json": {
    "contents": "{
  "private": true,
  "dependencies": {},
  "devDependencies": {},
  "engines": {},
  "scripts": {},
  "name": "jhipster",
  "version": "0.0.0",
  "description": "Description for JHipster",
  "license": "UNLICENSED"
}
",
    "stateCleared": "modified",
  },
}
`;
