// Jest Snapshot v1, https://goo.gl/fbAQLP

exports[`generator - spring-boot:bootstrap with defaults options should call source snapshot 1`] = `
{
  "mergePrettierConfig": [
    {
      "overrides": [
        {
          "files": "*.java",
          "options": {
            "tabWidth": 4,
          },
        },
      ],
      "plugins": [
        "prettier-plugin-java",
      ],
    },
  ],
}
`;

exports[`generator - spring-boot:bootstrap with defaults options should match files snapshot 1`] = `
{
  ".editorconfig.jhi.java": {
    "stateCleared": "modified",
  },
  ".yo-rc.json": {
    "stateCleared": "modified",
  },
  "package.json": {
    "stateCleared": "modified",
  },
  "src/main/java/com/mycompany/myapp/GeneratedByJHipster.java": {
    "stateCleared": "modified",
  },
  "src/main/java/com/mycompany/myapp/package-info.java": {
    "stateCleared": "modified",
  },
}
`;
